WARNING: Missing .uid file for path "res://assets/video/prologue/prologue_opening_zh.ogv". The file was re-created from cache.
   at: _process_file_system (editor/file_system/editor_file_system.cpp:1391)
WARNING: Missing .uid file for path "res://scripts/prop_foreground.gd". The file was re-created from cache.
   at: _process_file_system (editor/file_system/editor_file_system.cpp:1391)
WARNING: Missing .uid file for path "res://tools/tests/ch1_05_frontdesk_suite.gd". The file was re-created from cache.
   at: _process_file_system (editor/file_system/editor_file_system.cpp:1391)
WARNING: Missing .uid file for path "res://tools/tests/ch1_05_visual_capture.gd". The file was re-created from cache.
   at: _process_file_system (editor/file_system/editor_file_system.cpp:1391)
WARNING: Missing .uid file for path "res://tools/tests/ch1_12_build_frames.gd". The file was re-created from cache.
   at: _process_file_system (editor/file_system/editor_file_system.cpp:1391)
WARNING: Missing .uid file for path "res://tools/tests/ch1_13_layout_capture.gd". The file was re-created from cache.
   at: _process_file_system (editor/file_system/editor_file_system.cpp:1391)
WARNING: Missing .uid file for path "res://tools/tests/ch1_ui_order_card_suite.gd". The file was re-created from cache.
   at: _process_file_system (editor/file_system/editor_file_system.cpp:1391)
WARNING: Missing .uid file for path "res://tools/tests/int_move_01_capture.gd". The file was re-created from cache.
   at: _process_file_system (editor/file_system/editor_file_system.cpp:1391)
ERROR: Condition "f.is_null()" is true. Continuing.
   at: get_multiple_md5 (core/io/file_access.cpp:967)
ERROR: Condition "f.is_null()" is true. Continuing.
   at: get_multiple_md5 (core/io/file_access.cpp:967)
ERROR: Condition "f.is_null()" is true. Continuing.
   at: get_multiple_md5 (core/io/file_access.cpp:967)
ERROR: Condition "f.is_null()" is true. Continuing.
   at: get_multiple_md5 (core/io/file_access.cpp:967)
ERROR: Condition "f.is_null()" is true. Continuing.
   at: get_multiple_md5 (core/io/file_access.cpp:967)
ERROR: Condition "f.is_null()" is true. Continuing.
   at: get_multiple_md5 (core/io/file_access.cpp:967)
